# serializer version: 1
# name: test_colos_from_atomic_numbers
  list([
    list([
      242,
      0,
      26,
      1,
    ]),
    list([
      255,
      255,
      255,
      1,
    ]),
    list([
      217,
      255,
      255,
      1,
    ]),
    list([
      204,
      128,
      255,
      1,
    ]),
    list([
      194,
      255,
      0,
      1,
    ]),
    list([
      255,
      181,
      181,
      1,
    ]),
    list([
      144,
      144,
      144,
      1,
    ]),
    list([
      48,
      80,
      248,
      1,
    ]),
    list([
      255,
      13,
      13,
      1,
    ]),
    list([
      144,
      224,
      80,
      1,
    ]),
    list([
      179,
      227,
      245,
      1,
    ]),
    list([
      171,
      92,
      242,
      1,
    ]),
    list([
      138,
      255,
      0,
      1,
    ]),
    list([
      191,
      166,
      166,
      1,
    ]),
    list([
      240,
      200,
      160,
      1,
    ]),
    list([
      255,
      128,
      0,
      1,
    ]),
    list([
      255,
      255,
      48,
      1,
    ]),
    list([
      31,
      240,
      31,
      1,
    ]),
    list([
      143,
      64,
      212,
      1,
    ]),
    list([
      128,
      209,
      227,
      1,
    ]),
    list([
      61,
      255,
      0,
      1,
    ]),
    list([
      230,
      230,
      230,
      1,
    ]),
    list([
      191,
      194,
      199,
      1,
    ]),
    list([
      166,
      166,
      171,
      1,
    ]),
    list([
      138,
      153,
      199,
      1,
    ]),
    list([
      156,
      122,
      199,
      1,
    ]),
    list([
      224,
      102,
      51,
      1,
    ]),
    list([
      199,
      138,
      138,
      1,
    ]),
    list([
      255,
      217,
      143,
      1,
    ]),
    list([
      200,
      128,
      51,
      1,
    ]),
    list([
      125,
      128,
      176,
      1,
    ]),
    list([
      194,
      143,
      143,
      1,
    ]),
    list([
      102,
      143,
      143,
      1,
    ]),
    list([
      189,
      128,
      227,
      1,
    ]),
    list([
      255,
      161,
      0,
      1,
    ]),
    list([
      166,
      41,
      41,
      1,
    ]),
    list([
      92,
      184,
      209,
      1,
    ]),
    list([
      112,
      46,
      176,
      1,
    ]),
    list([
      0,
      255,
      0,
      1,
    ]),
    list([
      148,
      255,
      255,
      1,
    ]),
    list([
      148,
      224,
      224,
      1,
    ]),
    list([
      115,
      194,
      201,
      1,
    ]),
    list([
      84,
      181,
      181,
      1,
    ]),
    list([
      59,
      158,
      158,
      1,
    ]),
    list([
      36,
      125,
      125,
      1,
    ]),
    list([
      10,
      125,
      140,
      1,
    ]),
    list([
      0,
      105,
      133,
      1,
    ]),
    list([
      192,
      192,
      192,
      1,
    ]),
    list([
      255,
      217,
      143,
      1,
    ]),
    list([
      166,
      117,
      115,
      1,
    ]),
    list([
      102,
      128,
      128,
      1,
    ]),
    list([
      158,
      99,
      181,
      1,
    ]),
    list([
      212,
      122,
      0,
      1,
    ]),
    list([
      148,
      0,
      148,
      1,
    ]),
    list([
      66,
      158,
      176,
      1,
    ]),
    list([
      87,
      23,
      143,
      1,
    ]),
    list([
      0,
      201,
      0,
      1,
    ]),
    list([
      112,
      212,
      255,
      1,
    ]),
    list([
      255,
      255,
      199,
      1,
    ]),
    list([
      217,
      255,
      199,
      1,
    ]),
    list([
      199,
      255,
      199,
      1,
    ]),
    list([
      163,
      255,
      199,
      1,
    ]),
    list([
      143,
      255,
      199,
      1,
    ]),
    list([
      97,
      255,
      199,
      1,
    ]),
    list([
      69,
      255,
      199,
      1,
    ]),
    list([
      48,
      255,
      199,
      1,
    ]),
    list([
      31,
      255,
      199,
      1,
    ]),
    list([
      0,
      255,
      156,
      1,
    ]),
    list([
      0,
      230,
      117,
      1,
    ]),
    list([
      0,
      212,
      82,
      1,
    ]),
    list([
      0,
      191,
      56,
      1,
    ]),
    list([
      0,
      171,
      36,
      1,
    ]),
    list([
      77,
      194,
      255,
      1,
    ]),
    list([
      77,
      166,
      255,
      1,
    ]),
    list([
      33,
      148,
      214,
      1,
    ]),
    list([
      38,
      125,
      171,
      1,
    ]),
    list([
      38,
      102,
      150,
      1,
    ]),
    list([
      23,
      84,
      135,
      1,
    ]),
    list([
      208,
      208,
      224,
      1,
    ]),
    list([
      255,
      209,
      35,
      1,
    ]),
    list([
      184,
      184,
      208,
      1,
    ]),
    list([
      166,
      84,
      77,
      1,
    ]),
    list([
      87,
      89,
      97,
      1,
    ]),
    list([
      158,
      79,
      181,
      1,
    ]),
    list([
      255,
      161,
      0,
      1,
    ]),
    list([
      255,
      161,
      0,
      1,
    ]),
    list([
      255,
      161,
      0,
      1,
    ]),
    list([
      255,
      161,
      0,
      1,
    ]),
    list([
      255,
      161,
      0,
      1,
    ]),
    list([
      255,
      161,
      0,
      1,
    ]),
    list([
      255,
      161,
      0,
      1,
    ]),
    list([
      255,
      161,
      0,
      1,
    ]),
    list([
      255,
      161,
      0,
      1,
    ]),
    list([
      255,
      161,
      0,
      1,
    ]),
    list([
      255,
      161,
      0,
      1,
    ]),
    list([
      255,
      161,
      0,
      1,
    ]),
    list([
      255,
      161,
      0,
      1,
    ]),
    list([
      255,
      161,
      0,
      1,
    ]),
    list([
      204,
      0,
      89,
      1,
    ]),
    list([
      209,
      0,
      79,
      1,
    ]),
    list([
      217,
      0,
      69,
      1,
    ]),
    list([
      224,
      0,
      56,
      1,
    ]),
    list([
      230,
      0,
      46,
      1,
    ]),
    list([
      235,
      0,
      38,
      1,
    ]),
    list([
      240,
      0,
      33,
      1,
    ]),
    list([
      241,
      0,
      30,
      1,
    ]),
    list([
      242,
      0,
      26,
      1,
    ]),
    list([
      242,
      0,
      26,
      1,
    ]),
    list([
      242,
      0,
      26,
      1,
    ]),
    list([
      242,
      0,
      26,
      1,
    ]),
    list([
      242,
      0,
      26,
      1,
    ]),
    list([
      242,
      0,
      26,
      1,
    ]),
  ])
# ---
# name: test_random_rgb
  list([
    list([
      0.7248194412335895,
      0.36,
      0.84,
      1.0,
    ]),
    list([
      0.84,
      0.7469690230437155,
      0.36,
      1.0,
    ]),
    list([
      0.84,
      0.36,
      0.48662129695896145,
      1.0,
    ]),
    list([
      0.6346618739753529,
      0.84,
      0.36,
      1.0,
    ]),
    list([
      0.6401815015561884,
      0.84,
      0.36,
      1.0,
    ]),
    list([
      0.36,
      0.4860431187176583,
      0.84,
      1.0,
    ]),
    list([
      0.7248194412335895,
      0.36,
      0.84,
      1.0,
    ]),
    list([
      0.38736163728049217,
      0.84,
      0.36,
      1.0,
    ]),
    list([
      0.6670871249825792,
      0.84,
      0.36,
      1.0,
    ]),
    list([
      0.36,
      0.84,
      0.7334611905072618,
      1.0,
    ]),
    list([
      0.36,
      0.634360527293049,
      0.84,
      1.0,
    ]),
    list([
      0.36,
      0.84,
      0.7028531141082777,
      1.0,
    ]),
    list([
      0.36,
      0.84,
      0.7667635546230185,
      1.0,
    ]),
    list([
      0.5740555438594361,
      0.84,
      0.36,
      1.0,
    ]),
    list([
      0.84,
      0.6676661885807683,
      0.36,
      1.0,
    ]),
    list([
      0.84,
      0.36,
      0.4601026323298859,
      1.0,
    ]),
    list([
      0.36,
      0.84,
      0.44118559175253647,
      1.0,
    ]),
    list([
      0.36,
      0.7766863400280194,
      0.84,
      1.0,
    ]),
    list([
      0.7979571936003222,
      0.84,
      0.36,
      1.0,
    ]),
    list([
      0.39012238118477865,
      0.36,
      0.84,
      1.0,
    ]),
    list([
      0.84,
      0.36,
      0.6317577326173801,
      1.0,
    ]),
    list([
      0.84,
      0.8350545019196102,
      0.36,
      1.0,
    ]),
    list([
      0.84,
      0.36,
      0.4803569861262539,
      1.0,
    ]),
    list([
      0.84,
      0.36,
      0.5763880753172774,
      1.0,
    ]),
    list([
      0.4915478049415251,
      0.36,
      0.84,
      1.0,
    ]),
    list([
      0.36,
      0.84,
      0.4856514308843116,
      1.0,
    ]),
    list([
      0.5921988467230564,
      0.36,
      0.84,
      1.0,
    ]),
    list([
      0.36,
      0.4123280064608166,
      0.84,
      1.0,
    ]),
    list([
      0.84,
      0.6853166501073495,
      0.36,
      1.0,
    ]),
    list([
      0.36,
      0.7014171250223065,
      0.84,
      1.0,
    ]),
    list([
      0.36,
      0.7274450939352655,
      0.84,
      1.0,
    ]),
    list([
      0.84,
      0.3953613525061693,
      0.36,
      1.0,
    ]),
    list([
      0.84,
      0.5829747374975158,
      0.36,
      1.0,
    ]),
    list([
      0.36,
      0.6374541413658052,
      0.84,
      1.0,
    ]),
    list([
      0.36,
      0.7566660971316124,
      0.84,
      1.0,
    ]),
    list([
      0.36,
      0.6997595357457919,
      0.84,
      1.0,
    ]),
    list([
      0.373342500864678,
      0.84,
      0.36,
      1.0,
    ]),
    list([
      0.40417313449337605,
      0.36,
      0.84,
      1.0,
    ]),
    list([
      0.36,
      0.4383157592054773,
      0.84,
      1.0,
    ]),
    list([
      0.7156284157348304,
      0.84,
      0.36,
      1.0,
    ]),
    list([
      0.36,
      0.84,
      0.7207873230347368,
      1.0,
    ]),
    list([
      0.36,
      0.84,
      0.4973395871878218,
      1.0,
    ]),
    list([
      0.36,
      0.4384508204412947,
      0.84,
      1.0,
    ]),
    list([
      0.84,
      0.47102929729165455,
      0.36,
      1.0,
    ]),
    list([
      0.36,
      0.84,
      0.576583332252942,
      1.0,
    ]),
    list([
      0.5369988065738183,
      0.84,
      0.36,
      1.0,
    ]),
    list([
      0.84,
      0.36,
      0.6817879398168343,
      1.0,
    ]),
    list([
      0.36,
      0.84,
      0.41331721678430206,
      1.0,
    ]),
    list([
      0.36,
      0.7013054541609705,
      0.84,
      1.0,
    ]),
    list([
      0.84,
      0.5526258518671248,
      0.36,
      1.0,
    ]),
    list([
      0.36,
      0.84,
      0.8329053180247746,
      1.0,
    ]),
    list([
      0.6186688433971095,
      0.84,
      0.36,
      1.0,
    ]),
    list([
      0.84,
      0.36,
      0.42233800789152925,
      1.0,
    ]),
    list([
      0.36,
      0.5026325471905375,
      0.84,
      1.0,
    ]),
    list([
      0.84,
      0.36,
      0.6087082390419132,
      1.0,
    ]),
    list([
      0.84,
      0.6201787802957266,
      0.36,
      1.0,
    ]),
    list([
      0.84,
      0.36,
      0.45815273848816085,
      1.0,
    ]),
    list([
      0.84,
      0.4825892551178214,
      0.36,
      1.0,
    ]),
    list([
      0.36,
      0.6074193649902047,
      0.84,
      1.0,
    ]),
    list([
      0.6743458324397,
      0.84,
      0.36,
      1.0,
    ]),
    list([
      0.4335165463667209,
      0.84,
      0.36,
      1.0,
    ]),
    list([
      0.36,
      0.84,
      0.8241238156207719,
      1.0,
    ]),
    list([
      0.84,
      0.36,
      0.5673842902722976,
      1.0,
    ]),
    list([
      0.36,
      0.84,
      0.6820009684516497,
      1.0,
    ]),
    list([
      0.36,
      0.84,
      0.7713357952205155,
      1.0,
    ]),
    list([
      0.36,
      0.84,
      0.5944627180089955,
      1.0,
    ]),
    list([
      0.84,
      0.563929709930129,
      0.36,
      1.0,
    ]),
    list([
      0.84,
      0.575406019794559,
      0.36,
      1.0,
    ]),
    list([
      0.5760065345699711,
      0.36,
      0.84,
      1.0,
    ]),
    list([
      0.4106139429467711,
      0.36,
      0.84,
      1.0,
    ]),
    list([
      0.84,
      0.36,
      0.6198645947792483,
      1.0,
    ]),
    list([
      0.38759036403619473,
      0.84,
      0.36,
      1.0,
    ]),
    list([
      0.84,
      0.5714687658307149,
      0.36,
      1.0,
    ]),
    list([
      0.5141314361097951,
      0.84,
      0.36,
      1.0,
    ]),
    list([
      0.84,
      0.36,
      0.7639820778474273,
      1.0,
    ]),
    list([
      0.36,
      0.84,
      0.6984339863376261,
      1.0,
    ]),
    list([
      0.36,
      0.84,
      0.4672031263573643,
      1.0,
    ]),
    list([
      0.7414522630561735,
      0.36,
      0.84,
      1.0,
    ]),
    list([
      0.785697058889694,
      0.36,
      0.84,
      1.0,
    ]),
    list([
      0.84,
      0.7785681460798484,
      0.36,
      1.0,
    ]),
    list([
      0.5381055938113568,
      0.84,
      0.36,
      1.0,
    ]),
    list([
      0.36,
      0.8228916083416866,
      0.84,
      1.0,
    ]),
    list([
      0.84,
      0.7767951915849651,
      0.36,
      1.0,
    ]),
    list([
      0.36,
      0.84,
      0.8289297690251884,
      1.0,
    ]),
    list([
      0.5468096555526074,
      0.36,
      0.84,
      1.0,
    ]),
    list([
      0.7451845257001914,
      0.84,
      0.36,
      1.0,
    ]),
    list([
      0.7195946955690216,
      0.36,
      0.84,
      1.0,
    ]),
    list([
      0.84,
      0.7803498259573831,
      0.36,
      1.0,
    ]),
    list([
      0.36,
      0.84,
      0.5447679657065977,
      1.0,
    ]),
    list([
      0.84,
      0.5935411141167872,
      0.36,
      1.0,
    ]),
    list([
      0.7334291114273717,
      0.84,
      0.36,
      1.0,
    ]),
    list([
      0.84,
      0.6005391009223267,
      0.36,
      1.0,
    ]),
    list([
      0.36,
      0.84,
      0.6126084891455414,
      1.0,
    ]),
    list([
      0.84,
      0.36,
      0.612451125043922,
      1.0,
    ]),
    list([
      0.36,
      0.7052115258144966,
      0.84,
      1.0,
    ]),
    list([
      0.6292650575321505,
      0.36,
      0.84,
      1.0,
    ]),
    list([
      0.36,
      0.84,
      0.4673116131590971,
      1.0,
    ]),
    list([
      0.7597327259524387,
      0.84,
      0.36,
      1.0,
    ]),
    list([
      0.36,
      0.84,
      0.42642683547663984,
      1.0,
    ]),
    list([
      0.36,
      0.84,
      0.5634568558377591,
      1.0,
    ]),
  ])
# ---
